../Src/syscalls.c:48:6:ITM_SendChar	16	static
../Src/syscalls.c:80:5:_getpid	4	static
../Src/syscalls.c:85:5:_kill	16	static
../Src/syscalls.c:93:6:_exit	16	static
../Src/syscalls.c:99:27:_read	32	static
../Src/syscalls.c:112:27:_write	32	static
../Src/syscalls.c:132:5:_fstat	16	static
../Src/syscalls.c:161:5:_wait	16	static
../Src/syscalls.c:181:5:_stat	16	static
../Src/syscalls.c:188:5:_link	16	static
../Src/syscalls.c:196:5:_fork	8	static
../Src/syscalls.c:202:5:_execve	24	static
