13:26:20 **** Incremental Build of configuration Debug for project 002_led_on ****
make -j12 all 
arm-none-eabi-gcc "../Src/main.c" -mcpu=cortex-m4 -std=gnu11 -g3 -DDEBUG -DSTM32 -DSTM32F407G_DISC1 -DSTM32F4 -DSTM32F407VGTx -c -I../Inc -O0 -ffunction-sections -fdata-sections -Wall -fstack-usage -fcyclomatic-complexity -MMD -MP -MF"Src/main.d" -MT"Src/main.o" --specs=nano.specs -mfpu=fpv4-sp-d16 -mfloat-abi=hard -mthumb -o "Src/main.o"
arm-none-eabi-gcc -o "002_led_on.elf" @"objects.list"   -mcpu=cortex-m4 -T"C:\Users\crist\Desktop\Udemy\Microcontroller Embedded C Programming\My_workspace\target\002_led_on\STM32F407VGTX_FLASH.ld" --specs=nosys.specs -Wl,-Map="002_led_on.map" -Wl,--gc-sections -static --specs=nano.specs -mfpu=fpv4-sp-d16 -mfloat-abi=hard -mthumb -Wl,--start-group -lc -lm -Wl,--end-group
Finished building target: 002_led_on.elf
 
arm-none-eabi-size  002_led_on.elf 
arm-none-eabi-objdump -h -S 002_led_on.elf  > "002_led_on.list"
   text	   data	    bss	    dec	    hex	filename
    728	      0	   1568	   2296	    8f8	002_led_on.elf
Finished building: default.size.stdout
 
Finished building: 002_led_on.list
 

13:26:22 Build Finished. 0 errors, 0 warnings. (took 1s.531ms)

