13:31:50 **** Incremental Build of configuration Debug for project toggle_led ****
make -j12 all 
arm-none-eabi-gcc "../Src/main.c" -mcpu=cortex-m4 -std=gnu11 -g3 -DDEBUG -DSTM32 -DSTM32F407G_DISC1 -DSTM32F4 -DSTM32F407VGTx -c -I../Inc -O0 -ffunction-sections -fdata-sections -Wall -fstack-usage -fcyclomatic-complexity -MMD -MP -MF"Src/main.d" -MT"Src/main.o" --specs=nano.specs -mfpu=fpv4-sp-d16 -mfloat-abi=hard -mthumb -o "Src/main.o"
arm-none-eabi-gcc -o "toggle_led.elf" @"objects.list"   -mcpu=cortex-m4 -T"C:\Users\crist\Desktop\Udemy\Microcontroller Embedded C Programming\My_workspace\target\toggle_led\STM32F407VGTX_FLASH.ld" --specs=nosys.specs -Wl,-Map="toggle_led.map" -Wl,--gc-sections -static --specs=nano.specs -mfpu=fpv4-sp-d16 -mfloat-abi=hard -mthumb -Wl,--start-group -lc -lm -Wl,--end-group
Finished building target: toggle_led.elf
 
arm-none-eabi-size  toggle_led.elf 
arm-none-eabi-objdump -h -S toggle_led.elf  > "toggle_led.list"
   text	   data	    bss	    dec	    hex	filename
    772	      0	   1568	   2340	    924	toggle_led.elf
Finished building: default.size.stdout
 
Finished building: toggle_led.list
 
13:32:12 **** Incremental Build of configuration Debug for project toggle_led ****
make -j12 all 
arm-none-eabi-size  toggle_led.elf 
   text	   data	    bss	    dec	    hex	filename
    772	      0	   1568	   2340	    924	toggle_led.elf
Finished building: default.size.stdout
 
13:32:37 **** Incremental Build of configuration Debug for project toggle_led ****
make -j12 all 
arm-none-eabi-gcc "../Src/main.c" -mcpu=cortex-m4 -std=gnu11 -g3 -DDEBUG -DSTM32 -DSTM32F407G_DISC1 -DSTM32F4 -DSTM32F407VGTx -c -I../Inc -O0 -ffunction-sections -fdata-sections -Wall -fstack-usage -fcyclomatic-complexity -MMD -MP -MF"Src/main.d" -MT"Src/main.o" --specs=nano.specs -mfpu=fpv4-sp-d16 -mfloat-abi=hard -mthumb -o "Src/main.o"
arm-none-eabi-gcc -o "toggle_led.elf" @"objects.list"   -mcpu=cortex-m4 -T"C:\Users\crist\Desktop\Udemy\Microcontroller Embedded C Programming\My_workspace\target\toggle_led\STM32F407VGTX_FLASH.ld" --specs=nosys.specs -Wl,-Map="toggle_led.map" -Wl,--gc-sections -static --specs=nano.specs -mfpu=fpv4-sp-d16 -mfloat-abi=hard -mthumb -Wl,--start-group -lc -lm -Wl,--end-group
Finished building target: toggle_led.elf
 
arm-none-eabi-size  toggle_led.elf 
arm-none-eabi-objdump -h -S toggle_led.elf  > "toggle_led.list"
   text	   data	    bss	    dec	    hex	filename
    772	      0	   1568	   2340	    924	toggle_led.elf
Finished building: default.size.stdout
 
Finished building: toggle_led.list
 
15:11:38 **** Incremental Build of configuration Debug for project toggle_led ****
make -j12 all 
arm-none-eabi-size  toggle_led.elf 
   text	   data	    bss	    dec	    hex	filename
    772	      0	   1568	   2340	    924	toggle_led.elf
Finished building: default.size.stdout
 
